[    0.000000] Initializing cgroup subsys cpuset
[    0.000000] Initializing cgroup subsys cpu
[    0.000000] Initializing cgroup subsys cpuacct
[    0.000000] Linux version 4.4.0-210-generic (buildd@lgw01-amd64-009) (gcc version 5.4.0 20160609 (Ubuntu 5.4.0-6ubuntu1~16.04.12) ) #242-Ubuntu SMP Fri Apr 16 09:57:56 UTC 2021 (Ubuntu 4.4.0-210.242-generic 4.4.262)
[    0.000000] Command line: BOOT_IMAGE=/boot/vmlinuz-4.4.0-210-generic root=LABEL=cloudimg-rootfs ro console=tty1 console=ttyS0
[    0.000000] KERNEL supported cpus:
[    0.000000]   Intel GenuineIntel
[    0.000000]   AMD AuthenticAMD
[    0.000000]   Centaur CentaurHauls
[    0.000000] x86/fpu: xstate_offset[2]:  576, xstate_sizes[2]:  256
[    0.000000] x86/fpu: Supporting XSAVE feature 0x01: 'x87 floating point registers'
[    0.000000] x86/fpu: Supporting XSAVE feature 0x02: 'SSE registers'
[    0.000000] x86/fpu: Supporting XSAVE feature 0x04: 'AVX registers'
[    0.000000] x86/fpu: Enabled xstate features 0x7, context size is 832 bytes, using 'standard' format.
[    0.000000] e820: BIOS-provided physical RAM map:
[    0.000000] BIOS-e820: [mem 0x0000000000000000-0x000000000009fbff] usable
[    0.000000] BIOS-e820: [mem 0x000000000009fc00-0x000000000009ffff] reserved
[    0.000000] BIOS-e820: [mem 0x00000000000f0000-0x00000000000fffff] reserved
[    0.000000] BIOS-e820: [mem 0x0000000000100000-0x00000000dffeffff] usable
[    0.000000] BIOS-e820: [mem 0x00000000dfff0000-0x00000000dfffffff] ACPI data
[    0.000000] BIOS-e820: [mem 0x00000000fec00000-0x00000000fec00fff] reserved
[    0.000000] BIOS-e820: [mem 0x00000000fee00000-0x00000000fee00fff] reserved
[    0.000000] BIOS-e820: [mem 0x00000000fffc0000-0x00000000ffffffff] reserved
[    0.000000] BIOS-e820: [mem 0x0000000100000000-0x000000011fffffff] usable
[    0.000000] NX (Execute Disable) protection: active
[    0.000000] SMBIOS 2.5 present.
[    0.000000] Hypervisor detected: KVM
[    0.000000] Kernel/User page tables isolation: disabled
[    0.000000] e820: last_pfn = 0x120000 max_arch_pfn = 0x400000000
[    0.000000] MTRR: Disabled
[    0.000000] x86/PAT: MTRRs disabled, skipping PAT initialization too.
[    0.000000] CPU MTRRs all blank - virtualized system.
[    0.000000] x86/PAT: Configuration [0-7]: WB  WT  UC- UC  WB  WT  UC- UC  
[    0.000000] e820: last_pfn = 0xdfff0 max_arch_pfn = 0x400000000
[    0.000000] found SMP MP-table at [mem 0x0009fff0-0x0009ffff] mapped at [ffff88000009fff0]
[    0.000000] Scanning 1 areas for low memory corruption
[    0.000000] RAMDISK: [mem 0x3613c000-0x37095fff]
[    0.000000] ACPI: Early table checksum verification disabled
[    0.000000] ACPI: RSDP 0x00000000000E0000 000024 (v02 VBOX  )
[    0.000000] ACPI: XSDT 0x00000000DFFF0030 00003C (v01 VBOX   VBOXXSDT 00000001 ASL  00000061)
[    0.000000] ACPI: FACP 0x00000000DFFF00F0 0000F4 (v04 VBOX   VBOXFACP 00000001 ASL  00000061)
[    0.000000] ACPI: DSDT 0x00000000DFFF0480 002325 (v02 VBOX   VBOXBIOS 00000002 INTL 20100528)
[    0.000000] ACPI: FACS 0x00000000DFFF0200 000040
[    0.000000] ACPI: FACS 0x00000000DFFF0200 000040
[    0.000000] ACPI: APIC 0x00000000DFFF0240 00006C (v02 VBOX   VBOXAPIC 00000001 ASL  00000061)
[    0.000000] ACPI: SSDT 0x00000000DFFF02B0 0001CC (v01 VBOX   VBOXCPUT 00000002 INTL 20100528)
[    0.000000] No NUMA configuration found
[    0.000000] Faking a node at [mem 0x0000000000000000-0x000000011fffffff]
[    0.000000] NODE_DATA(0) allocated [mem 0x11fff7000-0x11fffbfff]
[    0.000000] kvm-clock: Using msrs 4b564d01 and 4b564d00
[    0.000000] kvm-clock: cpu 0, msr 1:1ffef001, primary cpu clock
[    0.000000] kvm-clock: using sched offset of 23370695504 cycles
[    0.000000] clocksource: kvm-clock: mask: 0xffffffffffffffff max_cycles: 0x1cd42e4dffb, max_idle_ns: 881590591483 ns
[    0.000000] Zone ranges:
[    0.000000]   DMA      [mem 0x0000000000001000-0x0000000000ffffff]
[    0.000000]   DMA32    [mem 0x0000000001000000-0x00000000ffffffff]
[    0.000000]   Normal   [mem 0x0000000100000000-0x000000011fffffff]
[    0.000000]   Device   empty
[    0.000000] Movable zone start for each node
[    0.000000] Early memory node ranges
[    0.000000]   node   0: [mem 0x0000000000001000-0x000000000009efff]
[    0.000000]   node   0: [mem 0x0000000000100000-0x00000000dffeffff]
[    0.000000]   node   0: [mem 0x0000000100000000-0x000000011fffffff]
[    0.000000] Initmem setup node 0 [mem 0x0000000000001000-0x000000011fffffff]
[    0.000000] ACPI: PM-Timer IO Port: 0x4008
[    0.000000] IOAPIC[0]: apic_id 4, version 32, address 0xfec00000, GSI 0-23
[    0.000000] ACPI: INT_SRC_OVR (bus 0 bus_irq 0 global_irq 2 dfl dfl)
[    0.000000] ACPI: INT_SRC_OVR (bus 0 bus_irq 9 global_irq 9 low level)
[    0.000000] Using ACPI (MADT) for SMP configuration information
[    0.000000] smpboot: Allowing 4 CPUs, 0 hotplug CPUs
[    0.000000] PM: Registered nosave memory: [mem 0x00000000-0x00000fff]
[    0.000000] PM: Registered nosave memory: [mem 0x0009f000-0x0009ffff]
[    0.000000] PM: Registered nosave memory: [mem 0x000a0000-0x000effff]
[    0.000000] PM: Registered nosave memory: [mem 0x000f0000-0x000fffff]
[    0.000000] PM: Registered nosave memory: [mem 0xdfff0000-0xdfffffff]
[    0.000000] PM: Registered nosave memory: [mem 0xe0000000-0xfebfffff]
[    0.000000] PM: Registered nosave memory: [mem 0xfec00000-0xfec00fff]
[    0.000000] PM: Registered nosave memory: [mem 0xfec01000-0xfedfffff]
[    0.000000] PM: Registered nosave memory: [mem 0xfee00000-0xfee00fff]
[    0.000000] PM: Registered nosave memory: [mem 0xfee01000-0xfffbffff]
[    0.000000] PM: Registered nosave memory: [mem 0xfffc0000-0xffffffff]
[    0.000000] e820: [mem 0xe0000000-0xfebfffff] available for PCI devices
[    0.000000] Booting paravirtualized kernel on KVM
[    0.000000] clocksource: refined-jiffies: mask: 0xffffffff max_cycles: 0xffffffff, max_idle_ns: 7645519600211568 ns
[    0.000000] setup_percpu: NR_CPUS:512 nr_cpumask_bits:512 nr_cpu_ids:4 nr_node_ids:1
[    0.000000] PERCPU: Embedded 33 pages/cpu @ffff88011fc00000 s95192 r8192 d31784 u524288
[    0.000000] Built 1 zonelists in Node order, mobility grouping on.  Total pages: 1032056
[    0.000000] Policy zone: Normal
[    0.000000] Kernel command line: BOOT_IMAGE=/boot/vmlinuz-4.4.0-210-generic root=LABEL=cloudimg-rootfs ro console=tty1 console=ttyS0
[    0.000000] PID hash table entries: 4096 (order: 3, 32768 bytes)
[    0.000000] Memory: 4027208K/4193848K available (8644K kernel code, 1332K rwdata, 4044K rodata, 1492K init, 1164K bss, 166640K reserved, 0K cma-reserved)
[    0.000000] SLUB: HWalign=64, Order=0-3, MinObjects=0, CPUs=4, Nodes=1
[    0.000000] Hierarchical RCU implementation.
[    0.000000] 	Build-time adjustment of leaf fanout to 64.
[    0.000000] 	RCU restricting CPUs from NR_CPUS=512 to nr_cpu_ids=4.
[    0.000000] RCU: Adjusting geometry for rcu_fanout_leaf=64, nr_cpu_ids=4
[    0.000000] NR_IRQS:33024 nr_irqs:456 16
[    0.000000] Console: colour VGA+ 80x25
[    0.000000] console [tty1] enabled
[    0.000000] console [ttyS0] enabled
[    0.000000] tsc: Detected 2904.000 MHz processor
[    0.165199] Calibrating delay loop (skipped) preset value.. 5808.00 BogoMIPS (lpj=11616000)
[    0.166647] pid_max: default: 32768 minimum: 301
[    0.167455] ACPI: Core revision 20150930
[    0.169026] ACPI: 2 ACPI AML tables successfully acquired and loaded
[    0.170212] Security Framework initialized
[    0.170933] Yama: becoming mindful.
[    0.171586] AppArmor: AppArmor initialized
[    0.172682] Dentry cache hash table entries: 524288 (order: 10, 4194304 bytes)
[    0.174912] Inode-cache hash table entries: 262144 (order: 9, 2097152 bytes)
[    0.176300] Mount-cache hash table entries: 8192 (order: 4, 65536 bytes)
[    0.177434] Mountpoint-cache hash table entries: 8192 (order: 4, 65536 bytes)
[    0.178764] Initializing cgroup subsys io
[    0.179587] Initializing cgroup subsys memory
[    0.180472] Initializing cgroup subsys devices
[    0.181858] Initializing cgroup subsys freezer
[    0.182683] Initializing cgroup subsys net_cls
[    0.183459] Initializing cgroup subsys perf_event
[    0.184285] Initializing cgroup subsys net_prio
[    0.185093] Initializing cgroup subsys hugetlb
[    0.185845] Initializing cgroup subsys pids
[    0.187671] mce: CPU supports 0 MCE banks
[    0.188552] Last level iTLB entries: 4KB 128, 2MB 8, 4MB 8
[    0.189526] Last level dTLB entries: 4KB 64, 2MB 0, 4MB 0, 1GB 4
[    0.190539] Spectre V1 : Mitigation: usercopy/swapgs barriers and __user pointer sanitization
[    0.191996] Spectre V2 : Mitigation: Full generic retpoline
[    0.192893] Spectre V2 : Spectre v2 / SpectreRSB mitigation: Filling RSB on context switch
[    0.194487] Speculative Store Bypass: Vulnerable
[    0.195260] SRBDS: Mitigation: TSX disabled
[    0.198336] Freeing SMP alternatives memory: 36K
[    0.204566] ftrace: allocating 32380 entries in 127 pages
[    0.269869] smpboot: APIC(0) Converting physical 0 to logical package 0
[    0.271152] smpboot: Max logical packages: 1
[    0.272290] x2apic enabled
[    0.273262] Switched APIC routing to physical x2apic.
[    0.275268] ..TIMER: vector=0x30 apic1=0 pin1=2 apic2=-1 pin2=-1
[    0.384622] smpboot: CPU0: Intel(R) Core(TM) i5-9400F CPU @ 2.90GHz (family: 0x6, model: 0x9e, stepping: 0xd)
[    0.386711] Performance Events: unsupported p6 CPU model 158 no PMU driver, software events only.
[    0.395114] KVM setup paravirtual spinlock
[    0.396759] x86: Booting SMP configuration:
[    0.397631] .... node  #0, CPUs:      #1
[    0.398796] kvm-clock: cpu 1, msr 1:1ffef041, secondary cpu clock
[    0.400847] mce: CPU supports 0 MCE banks
[    0.403580]  #2
[    0.404025] kvm-clock: cpu 2, msr 1:1ffef081, secondary cpu clock
[    0.406082] mce: CPU supports 0 MCE banks
[    0.408739]  #3
[    0.409210] kvm-clock: cpu 3, msr 1:1ffef0c1, secondary cpu clock
[    0.411442] mce: CPU supports 0 MCE banks
[    0.414189] x86: Booted up 1 node, 4 CPUs
[    0.415255] smpboot: Total of 4 processors activated (23232.00 BogoMIPS)
[    0.417000] devtmpfs: initialized
[    0.419466] evm: security.selinux
[    0.420375] evm: security.SMACK64
[    0.421139] evm: security.SMACK64EXEC
[    0.421976] evm: security.SMACK64TRANSMUTE
[    0.422805] evm: security.SMACK64MMAP
[    0.423584] evm: security.ima
[    0.424358] evm: security.capability
[    0.425264] clocksource: jiffies: mask: 0xffffffff max_cycles: 0xffffffff, max_idle_ns: 7645041785100000 ns
[    0.427314] futex hash table entries: 1024 (order: 4, 65536 bytes)
[    0.428831] pinctrl core: initialized pinctrl subsystem
[    0.429906] RTC time: 12:40:14, date: 11/11/21
[    0.431439] NET: Registered protocol family 16
[    0.442231] cpuidle: using governor ladder
[    0.453225] cpuidle: using governor menu
[    0.454030] PCCT header not found.
[    0.454778] ACPI: bus type PCI registered
[    0.455891] acpiphp: ACPI Hot Plug PCI Controller Driver version: 0.5
[    0.457603] PCI: Using configuration type 1 for base access
[    0.470388] ACPI: Added _OSI(Module Device)
[    0.471310] ACPI: Added _OSI(Processor Device)
[    0.472304] ACPI: Added _OSI(3.0 _SCP Extensions)
[    0.473533] ACPI: Added _OSI(Processor Aggregator Device)
[    0.475220] ACPI: Executed 1 blocks of module-level executable AML code
[    0.478441] ACPI: Interpreter enabled
[    0.479579] ACPI: (supports S0 S5)
[    0.480423] ACPI: Using IOAPIC for interrupt routing
[    0.481645] PCI: Using host bridge windows from ACPI; if necessary, use "pci=nocrs" and report a bug
[    0.486676] ACPI: PCI Root Bridge [PCI0] (domain 0000 [bus 00-ff])
[    0.487973] acpi PNP0A03:00: _OSC: OS supports [ASPM ClockPM Segments MSI]
[    0.489692] acpi PNP0A03:00: _OSC: not requesting OS control; OS requires [ExtendedConfig ASPM ClockPM MSI]
[    0.491729] acpi PNP0A03:00: fail to add MMCONFIG information, can't access extended PCI configuration space under this bridge.
[    0.494321] PCI host bridge to bus 0000:00
[    0.503890] pci_bus 0000:00: root bus resource [io  0x0000-0x0cf7 window]
[    0.505454] pci_bus 0000:00: root bus resource [io  0x0d00-0xffff window]
[    0.507121] pci_bus 0000:00: root bus resource [mem 0x000a0000-0x000bffff window]
[    0.508819] pci_bus 0000:00: root bus resource [mem 0xe0000000-0xfdffffff window]
[    0.510494] pci_bus 0000:00: root bus resource [bus 00-ff]
[    0.513533] pci 0000:00:01.1: legacy IDE quirk: reg 0x10: [io  0x01f0-0x01f7]
[    0.515778] pci 0000:00:01.1: legacy IDE quirk: reg 0x14: [io  0x03f6]
[    0.516980] pci 0000:00:01.1: legacy IDE quirk: reg 0x18: [io  0x0170-0x0177]
[    0.518228] pci 0000:00:01.1: legacy IDE quirk: reg 0x1c: [io  0x0376]
[    0.559616] pci 0000:00:07.0: quirk: [io  0x4000-0x403f] claimed by PIIX4 ACPI
[    0.561289] pci 0000:00:07.0: quirk: [io  0x4100-0x410f] claimed by PIIX4 SMB
[    0.586752] ACPI: PCI Interrupt Link [LNKA] (IRQs 5 9 10 *11)
[    0.597144] ACPI: PCI Interrupt Link [LNKB] (IRQs 5 9 *10 11)
[    0.599159] ACPI: PCI Interrupt Link [LNKC] (IRQs 5 *9 10 11)
[    0.600837] ACPI: PCI Interrupt Link [LNKD] (IRQs 5 9 10 *11)
[    0.602921] ACPI: Enabled 2 GPEs in block 00 to 07
[    0.604282] vgaarb: setting as boot device: PCI:0000:00:02.0
[    0.605377] vgaarb: device added: PCI:0000:00:02.0,decodes=io+mem,owns=io+mem,locks=none
[    0.607034] vgaarb: loaded
[    0.607681] vgaarb: bridge control possible 0000:00:02.0
[    0.608914] SCSI subsystem initialized
[    0.609958] ACPI: bus type USB registered
[    0.610894] usbcore: registered new interface driver usbfs
[    0.612137] usbcore: registered new interface driver hub
[    0.613258] usbcore: registered new device driver usb
[    0.614520] PCI: Using ACPI for IRQ routing
[    0.615661] NetLabel: Initializing
[    0.616503] NetLabel:  domain hash size = 128
[    0.617445] NetLabel:  protocols = UNLABELED CIPSOv4
[    0.618504] NetLabel:  unlabeled traffic allowed by default
[    0.619896] amd_nb: Cannot enumerate AMD northbridges
[    0.621433] clocksource: Switched to clocksource kvm-clock
[    0.626813] AppArmor: AppArmor Filesystem Enabled
[    0.628084] pnp: PnP ACPI init
[    0.629486] pnp: PnP ACPI: found 3 devices
[    0.641356] clocksource: acpi_pm: mask: 0xffffff max_cycles: 0xffffff, max_idle_ns: 2085701024 ns
[    0.643190] NET: Registered protocol family 2
[    0.644286] TCP established hash table entries: 32768 (order: 6, 262144 bytes)
[    0.645962] TCP bind hash table entries: 32768 (order: 7, 524288 bytes)
[    0.647584] TCP: Hash tables configured (established 32768 bind 32768)
[    0.649029] UDP hash table entries: 2048 (order: 4, 65536 bytes)
[    0.650307] UDP-Lite hash table entries: 2048 (order: 4, 65536 bytes)
[    0.651784] NET: Registered protocol family 1
[    0.652820] pci 0000:00:00.0: Limiting direct PCI/PCI transfers
[    0.654192] pci 0000:00:01.0: Activating ISA DMA hang workarounds
[    0.655665] Unpacking initramfs...
[    0.839862] Freeing initrd memory: 15720K
[    0.840758] PCI-DMA: Using software bounce buffering for IO (SWIOTLB)
[    0.844185] software IO TLB: mapped [mem 0xdbff0000-0xdfff0000] (64MB)
[    0.845672] clocksource: tsc: mask: 0xffffffffffffffff max_cycles: 0x29dc05e54fc, max_idle_ns: 440795291716 ns
[    0.848114] platform rtc_cmos: registered platform RTC device (no PNP device found)
[    0.850068] Scanning for low memory corruption every 60 seconds
[    0.851699] audit: initializing netlink subsys (disabled)
[    0.852937] audit: type=2000 audit(1636634439.455:1): initialized
[    0.854583] Initialise system trusted keyring
[    0.856170] HugeTLB registered 2 MB page size, pre-allocated 0 pages
[    0.858759] zbud: loaded
[    0.859842] VFS: Disk quotas dquot_6.6.0
[    0.860756] VFS: Dquot-cache hash table entries: 512 (order 0, 4096 bytes)
[    0.862531] squashfs: version 4.0 (2009/01/31) Phillip Lougher
[    0.864257] fuse init (API version 7.23)
[    0.865320] Key type big_key registered
[    0.866303] Allocating IMA MOK and blacklist keyrings.
[    0.868953] Key type asymmetric registered
[    0.869951] Asymmetric key parser 'x509' registered
[    0.871465] Block layer SCSI generic (bsg) driver version 0.4 loaded (major 249)
[    0.873264] io scheduler noop registered
[    0.874320] io scheduler deadline registered (default)
[    0.875516] io scheduler cfq registered
[    0.876604] pci_hotplug: PCI Hot Plug PCI Core version: 0.5
[    0.877892] pciehp: PCI Express Hot Plug Controller Driver version: 0.4
[    0.879477] ACPI: AC Adapter [AC] (on-line)
[    0.880462] input: Power Button as /devices/LNXSYSTM:00/LNXPWRBN:00/input/input0
[    0.882417] ACPI: Power Button [PWRF]
[    0.883282] input: Sleep Button as /devices/LNXSYSTM:00/LNXSLPBN:00/input/input1
[    0.885083] ACPI: Sleep Button [SLPF]
[    0.886428] GHES: HEST is not enabled!
[    0.887387] Serial: 8250/16550 driver, 32 ports, IRQ sharing enabled
[    0.909317] 00:02: ttyS0 at I/O 0x3f8 (irq = 4, base_baud = 115200) is a 16550A
[    0.913215] Linux agpgart interface v0.103
[    0.916264] loop: module loaded
[    0.917714] scsi host0: ata_piix
[    0.918699] scsi host1: ata_piix
[    0.919667] ata1: PATA max UDMA/33 cmd 0x1f0 ctl 0x3f6 bmdma 0xd000 irq 14
[    0.920909] ata2: PATA max UDMA/33 cmd 0x170 ctl 0x376 bmdma 0xd008 irq 15
[    0.922141] libphy: Fixed MDIO Bus: probed
[    0.922891] tun: Universal TUN/TAP device driver, 1.6
[    0.923718] tun: (C) 1999-2004 Max Krasnyansky <maxk@qualcomm.com>
[    0.925134] PPP generic driver version 2.4.2
[    0.926324] ehci_hcd: USB 2.0 'Enhanced' Host Controller (EHCI) Driver
[    0.927563] ehci-pci: EHCI PCI platform driver
[    0.928639] ehci-platform: EHCI generic platform driver
[    0.929815] ohci_hcd: USB 1.1 'Open' Host Controller (OHCI) Driver
[    0.930909] ohci-pci: OHCI PCI platform driver
[    0.931722] ohci-platform: OHCI generic platform driver
[    0.932778] uhci_hcd: USB Universal Host Controller Interface driver
[    0.934082] i8042: PNP: PS/2 Controller [PNP0303:PS2K,PNP0f03:PS2M] at 0x60,0x64 irq 1,12
[    0.936559] serio: i8042 KBD port at 0x60,0x64 irq 1
[    0.937506] serio: i8042 AUX port at 0x60,0x64 irq 12
[    0.961100] mousedev: PS/2 mouse device common for all mice
[    0.962708] input: AT Translated Set 2 keyboard as /devices/platform/i8042/serio0/input/input2
[    0.964733] rtc_cmos rtc_cmos: rtc core: registered rtc_cmos as rtc0
[    0.965913] rtc_cmos rtc_cmos: alarms up to one day, 114 bytes nvram
[    0.966952] i2c /dev entries driver
[    0.967688] device-mapper: uevent: version 1.0.3
[    0.968760] device-mapper: ioctl: 4.34.0-ioctl (2015-10-28) initialised: dm-devel@redhat.com
[    0.971115] ledtrig-cpu: registered to indicate activity on CPUs
[    0.972598] NET: Registered protocol family 10
[    0.973553] NET: Registered protocol family 17
[    0.974595] Key type dns_resolver registered
[    0.975676] registered taskstats version 1
[    0.976427] Loading compiled-in X.509 certificates
[    0.980212] Loaded X.509 cert 'Build time autogenerated kernel key: cf00e047681d67edb2720680708b7d9498083038'
[    0.982228] zswap: loaded using pool lzo/zbud
[    0.984590] Key type trusted registered
[    0.987475] Key type encrypted registered
[    0.988243] AppArmor: AppArmor sha1 policy hashing enabled
[    0.989118] ima: No TPM chip found, activating TPM-bypass!
[    0.990034] ima: Allocated hash algorithm: sha1
[    0.990825] evm: HMAC attrs: 0x1
[    0.991815]   Magic number: 13:262:683
[    0.992551] rtc_cmos rtc_cmos: setting system clock to 2021-11-11 12:40:15 UTC (1636634415)
[    0.994055] BIOS EDD facility v0.16 2004-Jun-25, 0 devices found
[    0.995085] EDD information not available.
[    1.101949] Freeing unused kernel memory: 1492K
[    1.102899] Write protecting the kernel read-only data: 14336k
[    1.104499] Freeing unused kernel memory: 1584K
[    1.105623] Freeing unused kernel memory: 52K
Loading, please wait...
starting version 229
[    1.115132] random: systemd-udevd: uninitialized urandom read (16 bytes read, 3 bits of entropy available)
[    1.115652] random: udevadm: uninitialized urandom read (16 bytes read, 3 bits of entropy available)
[    1.115665] random: udevadm: uninitialized urandom read (16 bytes read, 3 bits of entropy available)
[    1.120370] random: udevadm: uninitialized urandom read (16 bytes read, 3 bits of entropy available)
[    1.120398] random: udevadm: uninitialized urandom read (16 bytes read, 3 bits of entropy available)
[    1.120543] random: udevadm: uninitialized urandom read (16 bytes read, 3 bits of entropy available)
[    1.120573] random: udevadm: uninitialized urandom read (16 bytes read, 3 bits of entropy available)
[    1.120601] random: udevadm: uninitialized urandom read (16 bytes read, 3 bits of entropy available)
[    1.120628] random: udevadm: uninitialized urandom read (16 bytes read, 3 bits of entropy available)
[    1.120655] random: udevadm: uninitialized urandom read (16 bytes read, 3 bits of entropy available)
[    1.146580] e1000: Intel(R) PRO/1000 Network Driver - version 7.3.21-k8-NAPI
[    1.147730] e1000: Copyright (c) 1999-2006 Intel Corporation.
[    1.149559] [drm] Initialized drm 1.1.0 20060810
[    1.157248] Fusion MPT base driver 3.04.20
[    1.158218] Copyright (c) 1999-2008 LSI Corporation
[    1.161691] AVX2 version of gcm_enc/dec engaged.
[    1.162727] AES CTR mode by8 optimization enabled
[    1.163890] vboxvideo: loading out-of-tree module taints kernel.
[    1.165095] vboxvideo: module verification failed: signature and/or required key missing - tainting kernel
[    1.167678] vboxvideo: loading version 6.1.28 r147628
[    1.170156] Fusion MPT SPI Host driver 3.04.20
[    1.363453] input: ImExPS/2 Generic Explorer Mouse as /devices/platform/i8042/serio1/input/input4
[    1.493908] e1000 0000:00:03.0 eth0: (PCI:33MHz:32-bit) 02:be:82:6b:cc:1d
[    1.503577] e1000 0000:00:03.0 eth0: Intel(R) PRO/1000 Network Connection
[    2.194456] e1000 0000:00:08.0 eth1: (PCI:33MHz:32-bit) 08:00:27:21:d6:fe
[    2.195971] e1000 0000:00:08.0 eth1: Intel(R) PRO/1000 Network Connection
[    2.198234] e1000 0000:00:08.0 enp0s8: renamed from eth1
[    2.198289] [drm] VRAM 01000000
[    2.198457] [TTM] Zone  kernel: Available graphics memory: 2023046 kiB
[    2.198457] [TTM] Initializing pool allocator
[    2.198459] [TTM] Initializing DMA pool allocator
[    2.204454] fbcon: vboxdrmfb (fb0) is primary device
[    2.209781] Console: switching to colour frame buffer device 100x37
[    2.212535] vboxvideo 0000:00:02.0: fb0: vboxdrmfb frame buffer device
[    2.217641] e1000 0000:00:03.0 enp0s3: renamed from eth0
[    2.229656] [drm] Initialized vboxvideo 1.0.0 20130823 for 0000:00:02.0 on minor 0
[    2.232124] mptbase: ioc0: Initiating bringup
[    2.619672] ioc0: LSI53C1030 A0: Capabilities={Initiator}
[    3.487686] scsi host2: ioc0: LSI53C1030 A0, FwRev=00000000h, Ports=1, MaxQ=256, IRQ=20
[    4.241615] scsi 2:0:0:0: Direct-Access     VBOX     HARDDISK         1.0  PQ: 0 ANSI: 5
[    4.242803] scsi target2:0:0: Beginning Domain Validation
[    4.245252] scsi target2:0:0: Domain Validation skipping write tests
[    4.246222] scsi target2:0:0: Ending Domain Validation
[    4.247106] scsi target2:0:0: asynchronous
[    4.248281] scsi 2:0:1:0: Direct-Access     VBOX     HARDDISK         1.0  PQ: 0 ANSI: 5
[    4.249698] scsi target2:0:1: Beginning Domain Validation
[    4.251600] scsi target2:0:1: Domain Validation skipping write tests
[    4.252471] scsi target2:0:1: Ending Domain Validation
[    4.253254] scsi target2:0:1: asynchronous
[    4.259196] sd 2:0:0:0: Attached scsi generic sg0 type 0
[    4.260375] sd 2:0:0:0: [sda] 83886080 512-byte logical blocks: (42.9 GB/40.0 GiB)
[    4.261677] sd 2:0:1:0: Attached scsi generic sg1 type 0
[    4.263050] sd 2:0:1:0: [sdb] 20480 512-byte logical blocks: (10.5 MB/10.0 MiB)
[    4.264222] sd 2:0:0:0: [sda] Write Protect is off
[    4.265209] sd 2:0:1:0: [sdb] Write Protect is off
[    4.266321] sd 2:0:0:0: [sda] Incomplete mode parameter data
[    4.267474] sd 2:0:0:0: [sda] Assuming drive cache: write through
[    4.268738] sd 2:0:1:0: [sdb] Incomplete mode parameter data
[    4.270111] sd 2:0:1:0: [sdb] Assuming drive cache: write through
[    4.300120]  sda: sda1
[    4.301535] sd 2:0:0:0: [sda] Attached SCSI disk
[    4.315431] sd 2:0:1:0: [sdb] Attached SCSI disk
Begin: Loading essential drivers ... [    5.441118] md: linear personality registered for level -1
[    5.444258] md: multipath personality registered for level -4
[    5.447332] md: raid0 personality registered for level 0
[    5.453280] md: raid1 personality registered for level 1
[    5.525555] raid6: sse2x1   gen() 11248 MB/s
[    5.593561] raid6: sse2x1   xor()  7749 MB/s
[    5.661515] raid6: sse2x2   gen() 16782 MB/s
[    5.729569] raid6: sse2x2   xor() 10565 MB/s
[    5.797514] raid6: sse2x4   gen() 17424 MB/s
[    5.865500] raid6: sse2x4   xor() 10975 MB/s
[    5.935423] raid6: avx2x1   gen() 22263 MB/s
[    6.001571] raid6: avx2x2   gen() 31362 MB/s
[    6.069451] raid6: avx2x4   gen() 33541 MB/s
[    6.070342] raid6: using algorithm avx2x4 gen() 33541 MB/s
[    6.071411] raid6: using avx2x2 recovery algorithm
[    6.073261] xor: automatically using best checksumming function:
[    6.113477]    avx       : 25113.000 MB/sec
[    6.115084] async_tx: api initialized (async)
[    6.125375] md: raid6 personality registered for level 6
[    6.126231] md: raid5 personality registered for level 5
[    6.127035] md: raid4 personality registered for level 4
[    6.132196] md: raid10 personality registered for level 10
done.
Begin: Running /scripts/init-premount ... done.
Begin: Mounting root file system ... Begin: Running /scripts/local-top ... done.
Begin: Running /scripts/local-premount ... [    6.155131] Btrfs loaded
Scanning for Btrfs filesystems
done.
Begin: Will now check root file system ... fsck from util-linux 2.27.1
[/sbin/fsck.ext4 (1) -- /dev/sda1] fsck.ext4 -a -C0 /dev/sda1 
cloudimg-rootfs: clean, 75688/5120000 files, 965482/10485499 blocks
done.
[    6.556048] EXT4-fs (sda1): mounted filesystem with ordered data mode. Opts: (null)
done.
Begin: Running /scripts/local-bottom ... done.
Begin: Running /scripts/init-bottom ... done.
[    6.854996] random: nonblocking pool is initialized
[    8.539213] systemd[1]: systemd 229 running in system mode. (+PAM +AUDIT +SELINUX +IMA +APPARMOR +SMACK +SYSVINIT +UTMP +LIBCRYPTSETUP +GCRYPT +GNUTLS +ACL +XZ -LZ4 +SECCOMP +BLKID +ELFUTILS +KMOD -IDN)
[    8.542662] systemd[1]: Detected virtualization oracle.
[    8.543800] systemd[1]: Detected architecture x86-64.

Welcome to [1mUbuntu 16.04.7 LTS[0m!

[    8.626362] systemd[1]: Set hostname to <regdocker>.
[   10.321095] systemd[1]: Listening on udev Control Socket.
[[0;32m  OK  [0m] Listening on udev Control Socket.
[   10.329772] systemd[1]: Listening on /dev/initctl Compatibility Named Pipe.
[[0;32m  OK  [0m] Listening on /dev/initctl Compatibility Named Pipe.
[   10.331705] systemd[1]: Started Forward Password Requests to Wall Directory Watch.
[[0;32m  OK  [0m] Started Forward Password Requests to Wall Directory Watch.
[   10.341709] systemd[1]: Started Trigger resolvconf update for networkd DNS.
[[0;32m  OK  [0m] Started Trigger resolvconf update for networkd DNS.
[   10.344200] systemd[1]: Created slice System Slice.
[[0;32m  OK  [0m] Created slice System Slice.
[   10.353816] systemd[1]: Created slice system-serial\x2dgetty.slice.
[[0;32m  OK  [0m] Created slice system-serial\x2dgetty.slice.
[   10.362054] systemd[1]: Listening on udev Kernel Socket.
[[0;32m  OK  [0m] Listening on udev Kernel Socket.
[   10.369978] systemd[1]: Listening on LVM2 poll daemon socket.
[[0;32m  OK  [0m] Listening on LVM2 poll daemon socket.
[   10.377893] systemd[1]: Reached target Swap.
[[0;32m  OK  [0m] Reached target Swap.
[   10.380182] systemd[1]: Listening on Syslog Socket.
[[0;32m  OK  [0m] Listening on Syslog Socket.
[   10.389813] systemd[1]: Listening on LVM2 metadata daemon socket.
[[0;32m  OK  [0m] Listening on LVM2 metadata daemon socket.
[   10.397899] systemd[1]: Created slice User and Session Slice.
[[0;32m  OK  [0m] Created slice User and Session Slice.
[   10.399706] systemd[1]: Reached target User and Group Name Lookups.
[[0;32m  OK  [0m] Reached target User and Group Name Lookups.
[   10.401514] systemd[1]: Listening on Journal Audit Socket.
[[0;32m  OK  [0m] Listening on Journal Audit Socket.
[   10.409619] systemd[1]: Reached target System Time Synchronized.
[[0;32m  OK  [0m] Reached target System Time Synchronized.
[   10.411144] systemd[1]: Listening on fsck to fsckd communication Socket.
[[0;32m  OK  [0m] Listening on fsck to fsckd communication Socket.
[   10.412679] systemd[1]: Listening on Device-mapper event daemon FIFOs.
[[0;32m  OK  [0m] Listening on Device-mapper event daemon FIFOs.
[   10.414583] systemd[1]: Set up automount Arbitrary Executable File Formats File System Automount Point.
[[0;32m  OK  [0m] Set up automount Arbitrary Executab...ats File System Automount Point.
[   10.421996] systemd[1]: Reached target Encrypted Volumes.
[[0;32m  OK  [0m] Reached target Encrypted Volumes.
[   10.430669] systemd[1]: Listening on Journal Socket (/dev/log).
[[0;32m  OK  [0m] Listening on Journal Socket (/dev/log).
[   10.437556] systemd[1]: Reached target Slices.
[[0;32m  OK  [0m] Reached target Slices.
[   10.439046] systemd[1]: Listening on Journal Socket.
[[0;32m  OK  [0m] Listening on Journal Socket.
[   10.461814] systemd[1]: Starting Set console keymap...
         Starting Set console keymap...
[   10.463684] systemd[1]: Starting Journal Service...
         Starting Journal Service...
[   10.509536] systemd[1]: Starting Uncomplicated firewall...
         Starting Uncomplicated firewall...
[   10.569795] systemd[1]: Starting Load Kernel Modules...
         Starting Load Kernel Modules...
[   10.572017] systemd[1]: Mounting Debug File System...
         Mounting Debug File System...
[   10.573950] systemd[1]: Mounting POSIX Message Queue File System...
         Mounting POSIX Message Queue File System...
[   10.576039] systemd[1]: Mounting Huge Pages File System...
         Mounting Huge Pages File System...
[   10.577837] systemd[1]: Starting Nameserver information manager...
         Starting Nameserver information manager...
[   10.586369] systemd[1]: Starting Create list of required static device nodes for the current kernel...
         Starting Create list of required st... nodes for the current kernel...
[   10.589665] systemd[1]: Starting Remount Root and Kernel File Systems...
         Starting Remount Root and Kernel File Systems...
[   10.591832] systemd[1]: Starting Monitoring of LVM2 mirrors, snapshots etc. using dmeventd or progress polling...
         Starting Monitoring of LVM2 mirrors... dmeventd or progress polling...
[   10.614279] systemd[1]: Mounted Huge Pages File System.
[[0;32m  OK  [0m] Mounted Huge Pages File System.
[   10.616114] systemd[1]: Mounted POSIX Message Queue File System.
[[0;32m  OK  [0m] Mounted POSIX Message Queue File System.
[   10.625702] systemd[1]: Mounted Debug File System.
[[0;32m  OK  [0m] Mounted Debug File System.
[   10.627455] systemd[1]: Started Uncomplicated firewall.
[[0;32m  OK  [0m] Started Uncomplicated firewall.
[   10.646658] EXT4-fs (sda1): re-mounted. Opts: (null)
[   10.648549] systemd[1]: Started Remount Root and Kernel File Systems.
[[0;32m  OK  [0m] Started Remount Root and Kernel File Systems.
[   10.681646] systemd[1]: Starting udev Coldplug all Devices...
         Starting udev Coldplug all Devices...
[   10.683745] systemd[1]: Starting Load/Save Random Seed...
         Starting Load/Save Random Seed...
[   10.685917] systemd[1]: Started Nameserver information manager.
[[0;32m  OK  [0m] Started Nameserver information manager.
[   10.704160] systemd[1]: Started Journal Service.
[[0;32m  OK  [0m] Started Journal Service.
[   10.719534] Loading iSCSI transport class v2.0-870.
         Starting Flush Journal to Persistent Storage...
[[0;32m  OK  [0m] Started Create list of required sta...ce nodes for the current kernel.
         Starting Create Static Device Nodes in /dev...
[[0;32m  OK  [0m] Started udev Coldplug all Devices.
[   10.852162] systemd-journald[392]: Received request to flush runtime journal from PID 1
[[0;32m  OK  [0m] Started Load/Save Random Seed.
[[0;32m  OK  [0m] Started Flush Journal to Persistent Storage.
[[0;32m  OK  [0m] Started Set console keymap.
[   10.920733] iscsi: registered transport (tcp)
[[0;32m  OK  [0m] Started LVM2 metadata daemon.
[   11.125527] iscsi: registered transport (iser)
[[0;32m  OK  [0m] Started Load Kernel Modules.
         Mounting FUSE Control File System...
         Starting Apply Kernel Variables...
[[0;32m  OK  [0m] Mounted FUSE Control File System.
[[0;32m  OK  [0m] Started Create Static Device Nodes in /dev.
         Starting udev Kernel Device Manager...
[[0;32m  OK  [0m] Started Apply Kernel Variables.
[[0;32m  OK  [0m] Started Monitoring of LVM2 mirrors,...ng dmeventd or progress polling.
[[0;32m  OK  [0m] Reached target Local File Systems (Pre).
[[0;32m  OK  [0m] Reached target Local File Systems.
         Starting Tell Plymouth To Write Out Runtime Data...
         Starting Set console font and keymap...
         Starting LSB: AppArmor initialization...
         Starting Initial cloud-init job (pre-networking)...
         Starting Create Volatile Files and Directories...
[[0;32m  OK  [0m] Started Tell Plymouth To Write Out Runtime Data.
[[0;32m  OK  [0m] Started Set console font and keymap.
[[0;32m  OK  [0m] Created slice system-getty.slice.
[[0;32m  OK  [0m] Started udev Kernel Device Manager.
[[0;32m  OK  [0m] Started Dispatch Password Requests to Console Directory Watch.
[[0;32m  OK  [0m] Started Create Volatile Files and Directories.
         Starting Update UTMP about System Boot/Shutdown...
[[0;32m  OK  [0m] Started Update UTMP about System Boot/Shutdown.
[[0;32m  OK  [0m] Found device /dev/ttyS0.
[[0;32m  OK  [0m] Listening on Load/Save RF Kill Switch Status /dev/rfkill Watch.
[[0;32m  OK  [0m] Found device 82540EM Gigabit Ethern...r (PRO/1000 MT Desktop Adapter).
[[0;32m  OK  [0m] Found device 82540EM Gigabit Ethern...r (PRO/1000 MT Desktop Adapter).
[[0;32m  OK  [0m] Started LSB: AppArmor initialization.
         Starting Load AppArmor profiles managed internally by snapd...
[[0;32m  OK  [0m] Started Load AppArmor profiles managed internally by snapd.
[   18.329888] cloud-init[493]: Cloud-init v. 21.1-19-gbad84ad4-0ubuntu1~16.04.2 running 'init-local' at Thu, 11 Nov 2021 12:40:32 +0000. Up 17.50 seconds.
[[0;32m  OK  [0m] Started Initial cloud-init job (pre-networking).
[[0;32m  OK  [0m] Reached target Network (Pre).
[[0;32m  OK  [0m] Started ifup for enp0s3.
[[0;32m  OK  [0m] Started ifup for enp0s8.
         Starting Raise network interfaces...
[[0;32m  OK  [0m] Started Raise network interfaces.
[[0;32m  OK  [0m] Reached target Network.
         Starting Initial cloud-init job (metadata service crawler)...
[   19.619387] cloud-init[1096]: Cloud-init v. 21.1-19-gbad84ad4-0ubuntu1~16.04.2 running 'init' at Thu, 11 Nov 2021 12:40:33 +0000. Up 18.84 seconds.
[   19.620626] cloud-init[1096]: ci-info: ++++++++++++++++++++++++++++++++++++++Net device info+++++++++++++++++++++++++++++++++++++++
[   19.622131] cloud-init[1096]: ci-info: +--------+------+-----------------------------+---------------+--------+-------------------+
[   19.623081] cloud-init[1096]: ci-info: | Device |  Up  |           Address           |      Mask     | Scope  |     Hw-Address    |
[   19.625028] cloud-init[1096]: ci-info: +--------+------+-----------------------------+---------------+--------+-------------------+
[   19.626731] cloud-init[1096]: ci-info: | enp0s3 | True |          10.0.2.15          | 255.255.255.0 | global | 02:be:82:6b:cc:1d |
[   19.628429] cloud-init[1096]: ci-info: | enp0s3 | True |  fe80::be:82ff:fe6b:cc1d/64 |       .       |  link  | 02:be:82:6b:cc:1d |
[   19.636282] cloud-init[1096]: ci-info: | enp0s8 | True |          10.0.0.201         | 255.255.255.0 | global | 08:00:27:21:d6:fe |
[   19.637320] cloud-init[1096]: ci-info: | enp0s8 | True | fe80::a00:27ff:fe21:d6fe/64 |       .       |  link  | 08:00:27:21:d6:fe |
[   19.644337] cloud-init[1096]: ci-info: |   lo   | True |          127.0.0.1          |   255.0.0.0   |  host  |         .         |
[   19.652445] [cloud-init[0;32m  OK  [0m[1096]: ] ci-info: |   lo   | True |           ::1/128           |       .       |  host  |         .         |Started Initial cloud-init job (metadata service crawler).

[[   19.652626] [0;32m  OK  [0mcloud-init] [1096]: Reached target Cloud-config availability.ci-info: +--------+------+-----------------------------+---------------+--------+-------------------+

[   19.655097] [cloud-init[0;32m  OK  [0m[1096]: ] ci-info: +++++++++++++++++++++++++++Route IPv4 info++++++++++++++++++++++++++++Reached target Network is Online.

[   19.655321] cloud-init[1096]: ci-info: +-------+-------------+----------+---------------+-----------+-------+
[   19.657103] cloud-init[1096]: ci-info: | Route | Destination | Gateway  |    Genmask    | Interface | Flags |
[   19.657967] cloud-init[1096]: ci-info: +-------+-------------+----------+---------------+-----------+-------+
[   19.664168]          cloud-initStarting iSCSI initiator daemon (iscsid)...[1096]: 
ci-info: |   0   |   0.0.0.0   | 10.0.2.2 |    0.0.0.0    |   enp0s3  |   UG  |
[   19.672350] [cloud-init[0;32m  OK  [0m[1096]: ] ci-info: |   1   |   10.0.0.0  | 0.0.0.0  | 255.255.255.0 |   enp0s8  |   U   |Reached target System Initialization.

[[   19.672544] [0;32m  OK  [0mcloud-init] [1096]: Listening on UUID daemon activation socket.ci-info: |   2   |   10.0.2.0  | 0.0.0.0  | 255.255.255.0 |   enp0s3  |   U   |

[   19.688429]          cloud-initStarting Socket activation for snappy daemon.[1096]: 
ci-info: +-------+-------------+----------+---------------+-----------+-------+
[   19.696181] cloud-init[1096]: ci-info: +++++++++++++++++++Route IPv6 info+++++++++++++++++++
[   19.704593] cloud-init[1096]: ci-info: +-------+-------------+---------+-----------+-------+
[   19.705217] cloud-init[1096]: ci-info: | Route | Destination | Gateway | Interface | Flags |
[   19.705869] cloud-init[1096]: ci-info: +-------+-------------+---------+-----------+-------+
[   19.706586] cloud-init[1096]: ci-info: |   0   |  fe80::/64  |    ::   |   enp0s8  |   U   |
[   19.707264] cloud-init[1096]: ci-info: |   1   |  fe80::/64  |    ::   |   enp0s3  |   U   |
[   19.708209] cloud-init[1096]: ci-info: |   4   |   ff00::/8  |    ::   |   enp0s8  |   U   |
[   19.709040] cloud-init[1096]: ci-info: |   5   |   ff00::/8  |    ::   |   enp0s3  |   U   |
[   19.709817] cloud-init[1096]: ci-info: +-------+-------------+---------+-----------+-------+
[[0;32m  OK  [0m] Started Message of the Day.
         Starting LXD - unix socket.
[[0;32m  OK  [0m] Started Daily apt download activities.
[[0;32m  OK  [0m] Started Daily apt upgrade and clean activities.
[[0;32m  OK  [0m] Listening on ACPID Listen Socket.
[[0;32m  OK  [0m] Started Daily Cleanup of Temporary Directories.
[[0;32m  OK  [0m] Started ACPI Events Check.
[[0;32m  OK  [0m] Reached target Paths.
[[0;32m  OK  [0m] Started Ubuntu Advantage update messaging.
[[0;32m  OK  [0m] Reached target Timers.
         Starting Docker Socket for the API.
[[0;32m  OK  [0m] Listening on D-Bus System Message Bus Socket.
[[0;32m  OK  [0m] Listening on Socket activation for snappy daemon.
[[0;32m  OK  [0m] Listening on LXD - unix socket.
[[0;32m  OK  [0m] Listening on Docker Socket for the API.
[[0;32m  OK  [0m] Reached target Sockets.
[[0;32m  OK  [0m] Reached target Basic System.
         Starting Login Service...
[[0;32m  OK  [0m] Started FUSE filesystem for LXC.
[[0;32m  OK  [0m] Started ACPI event daemon.
[[0;32m  OK  [0m] Started Regular background program processing daemon.
         Starting containerd container runtime...
         Starting /etc/rc.local Compatibility...
[[0;32m  OK  [0m] Started D-Bus System Message Bus.
         Starting Accounts Service...
         Starting Snap Daemon...
         Starting LSB: Record successful boot for GRUB...
         Starting vboxadd.service...
         Starting LXD - container startup/shutdown...
         Starting Message of the Day...
         Starting Pollinate to seed the pseudo random number generator...
         Starting Ubuntu Advantage APT and MOTD Messages...
         Starting LSB: MD monitoring daemon...
         Starting System Logging Service...
[[0;32m  OK  [0m] Started Deferred execution scheduler.
[[0;32m  OK  [0m] Started iSCSI initiator daemon (iscsid).
[[0;32m  OK  [0m] Started /etc/rc.local Compatibility.
         Starting Login to default iSCSI targets...
[[0;32m  OK  [0m] Started Login Service.
[[0;32m  OK  [0m] Started Unattended Upgrades Shutdown.
[[0;32m  OK  [0m] Started Message of the Day.
[[0;32m  OK  [0m] Started LSB: MD monitoring daemon.
[[0;32m  OK  [0m] Started Login to default iSCSI targets.
[[0;32m  OK  [0m] Reached target Remote File Systems (Pre).
         Mounting /vagrant...
[[0;32m  OK  [0m] Started System Logging Service.
[[0;32m  OK  [0m] Started LSB: Record successful boot for GRUB.
[[0;1;31mFAILED[0m] Failed to mount /vagrant.
See 'systemctl status vagrant.mount' for details.
[[0;1;33mDEPEND[0m] Dependency failed for Remote File Systems.
         Starting LSB: daemon to balance interrupts for SMP systems...
         Starting Permit User Sessions...
         Starting LSB: automatic crash report generation...
         Starting LSB: Set the CPU Frequency Scaling governor to "ondemand"...
[[0;32m  OK  [0m] Started LSB: Set the CPU Frequency Scaling governor to "ondemand".
[[0;32m  OK  [0m] Started Permit User Sessions.
         Starting Terminate Plymouth Boot Screen...
         Starting Hold until boot process finishes up...
[[0;32m  OK  [0m] Started Terminate Plymouth Boot Screen.
[[0;32m  OK  [0m] Started Hold until boot process finishes up.
         Starting Authenticate and Authorize Users to Run Privileged Tasks...
         Starting Set console scheme...
[[0;32m  OK  [0m] Started Serial Getty on ttyS0.
[[0;32m  OK  [0m] Started Getty on tty1.
[[0;32m  OK  [0m] Reached target Login Prompts.
[[0;32m  OK  [0m] Started LSB: automatic crash report generation.
[[0;32m  OK  [0m] Started LSB: daemon to balance interrupts for SMP systems.
[[0;32m  OK  [0m] Started Set console scheme.
[[0;32m  OK  [0m] Started Authenticate and Authorize Users to Run Privileged Tasks.
[[0;32m  OK  [0m] Started Accounts Service.
[[0;32m  OK  [0m] Started Pollinate to seed the pseudo random number generator.
         Starting OpenBSD Secure Shell server...
[[0;32m  OK  [0m] Started LXD - container startup/shutdown.
[[0;32m  OK  [0m] Started OpenBSD Secure Shell server.
[[0;32m  OK  [0m] Started Snap Daemon.
         Starting Wait until snapd is fully seeded...
[[0;32m  OK  [0m] Created slice User Slice of vagrant.
         Starting User Manager for UID 1000...
[[0;32m  OK  [0m] Started Session 1 of user vagrant.
[[0;32m  OK  [0m] Started Wait until snapd is fully seeded.
         Starting Apply the settings specified in cloud-config...
[[0;32m  OK  [0m] Started User Manager for UID 1000.
[   25.889478] cloud-init[1414]: Cloud-init v. 21.1-19-gbad84ad4-0ubuntu1~16.04.2 running 'modules:config' at Thu, 11 Nov 2021 12:40:40 +0000. Up 25.61 seconds.
[[0;32m  OK  [0m] Started Apply the settings specified in cloud-config.

Ubuntu 16.04.7 LTS regdocker ttyS0

regdocker login: [   37.719159] cloud-init[2280]: Cloud-init v. 21.1-19-gbad84ad4-0ubuntu1~16.04.2 running 'modules:final' at Thu, 11 Nov 2021 12:40:52 +0000. Up 37.61 seconds.
[   37.719372] cloud-init[2280]: Cloud-init v. 21.1-19-gbad84ad4-0ubuntu1~16.04.2 finished at Thu, 11 Nov 2021 12:40:52 +0000. Datasource DataSourceNoCloud [seed=/dev/sdb][dsmode=net].  Up 37.71 seconds
